nohup: ignoring input
2026-09-11T15:34:36Z [recovery_5h_v5] preflight: checking repository, runner/parser, config, and push target
2026-09-11T15:34:37Z [recovery_5h_v5] [fixed_clock] start fixed-17-safe clock=17ns profile=safe timeout=7200s
{"command": ["/home/ubuntu/FlowGuard-recovery/.venv/openlane/bin/python", "-m", "librelane", "--docker-no-tty", "--dockerized", "--pdk-root", "/home/ubuntu/.ciel", "--pdk", "sky130A", "--scl", "sky130_fd_sc_hd", "--run-tag", "trial_fixed-17-safe", "/home/ubuntu/FlowGuard-recovery/results/recovery_5h_v5/configs/fixed-17-safe/config.json"], "config": "/home/ubuntu/FlowGuard-recovery/results/recovery_5h_v5/configs/fixed-17-safe/config.json", "config_sha256": "25f90a1ed1d5e9c1f79b4b109fca67b849dbdd90cce3eea9db64320a8e939ec0", "effective_config_sha256": "622fd21a21a7f71bf41bef4a9dbb53a2e718f0f0b512e6f55fcd4d55121e19b8", "exit_code": 0, "failure_metadata": null, "failure_stage": null, "finished_at": "2026-09-11T15:37:08.040251Z", "metadata": {"environment": {"executable": "/home/ubuntu/FlowGuard-recovery/.venv/openlane/bin/python", "librelane_container_image": "ghcr.io/librelane/librelane@sha256:f91b21d75f79871f9ccf37451020b5d2f7b3236881a997ff709c561e8280a30f", "librelane_version": "3.0.14", "machine": "aarch64", "pdk": "sky130A", "pdk_revision": "8afc8346a57fe1ab7934ba5a6056ea8b43078e71", "pdk_root": "/home/ubuntu/.ciel", "platform": "Linux-6.17.0-1020-oracle-aarch64-with-glibc2.39", "python_version": "3.12.3", "std_cell_library": "sky130_fd_sc_hd"}, "environment_sha256": "93e51540bdc6ca00204f9afa642f6ce447eab3a253dcc174a6800569c93b4ec8", "executable": "/home/ubuntu/FlowGuard-recovery/.venv/openlane/bin/python", "git": {"commit": "4d77bbb9f3a2e2a05f4146ae0f10ed58df7529df", "dirty": true}, "host": "openclaw", "librelane_container_image": "ghcr.io/librelane/librelane@sha256:f91b21d75f79871f9ccf37451020b5d2f7b3236881a997ff709c561e8280a30f", "librelane_version": "3.0.14", "pdk": "sky130A", "pdk_revision": "8afc8346a57fe1ab7934ba5a6056ea8b43078e71", "pdk_root": "/home/ubuntu/.ciel", "python_version": "3.12.3", "run_directory": "/home/ubuntu/FlowGuard-recovery/results/recovery_5h_v5/runs/trial_fixed-17-safe", "source_tree_sha256": "e116ae009afcca3523d415676485ca58d0cc41484754ec6eb26952a7378e6006", "std_cell_library": "sky130_fd_sc_hd", "sys_executable": "/home/ubuntu/FlowGuard-recovery/.venv/openlane/bin/python"}, "runtime_s": 150.72239912700024, "started_at": "2026-09-11T15:34:37.314017Z", "status": "SUCCESS", "terminal_status": "SUCCESS", "trial_id": "fixed-17-safe"}
Traceback (most recent call last):
  File "<stdin>", line 3, in <module>
  File "/usr/lib/python3.12/json/__init__.py", line 339, in loads
    raise TypeError(f'the JSON object must be str, bytes or bytearray, '
TypeError: the JSON object must be str, bytes or bytearray, not PosixPath
remote: 
remote: Create a pull request for 'recovery-results-v5' on GitHub by visiting:        
remote:      https://github.com/Samprab06/Flow-Guard/pull/new/recovery-results-v5        
remote: 
To github.com:Samprab06/Flow-Guard.git
 * [new branch]      HEAD -> recovery-results-v5
2026-09-11T15:37:09Z [recovery_5h_v5] [fixed_clock] start fixed-17-middle clock=17ns profile=middle timeout=7200s
{"command": ["/home/ubuntu/FlowGuard-recovery/.venv/openlane/bin/python", "-m", "librelane", "--docker-no-tty", "--dockerized", "--pdk-root", "/home/ubuntu/.ciel", "--pdk", "sky130A", "--scl", "sky130_fd_sc_hd", "--run-tag", "trial_fixed-17-middle", "/home/ubuntu/FlowGuard-recovery/results/recovery_5h_v5/configs/fixed-17-middle/config.json"], "config": "/home/ubuntu/FlowGuard-recovery/results/recovery_5h_v5/configs/fixed-17-middle/config.json", "config_sha256": "dced9d534180eab83342d0f3dfec4cd2c2ad094afcc85f89ded2eda3aab7a7ac", "effective_config_sha256": "943eeba3b63c3b28125292e73d78485540952805913306890da09f42849055ec", "exit_code": 0, "failure_metadata": null, "failure_stage": null, "finished_at": "2026-09-11T15:39:44.884860Z", "metadata": {"environment": {"executable": "/home/ubuntu/FlowGuard-recovery/.venv/openlane/bin/python", "librelane_container_image": "ghcr.io/librelane/librelane@sha256:f91b21d75f79871f9ccf37451020b5d2f7b3236881a997ff709c561e8280a30f", "librelane_version": "3.0.14", "machine": "aarch64", "pdk": "sky130A", "pdk_revision": "8afc8346a57fe1ab7934ba5a6056ea8b43078e71", "pdk_root": "/home/ubuntu/.ciel", "platform": "Linux-6.17.0-1020-oracle-aarch64-with-glibc2.39", "python_version": "3.12.3", "std_cell_library": "sky130_fd_sc_hd"}, "environment_sha256": "93e51540bdc6ca00204f9afa642f6ce447eab3a253dcc174a6800569c93b4ec8", "executable": "/home/ubuntu/FlowGuard-recovery/.venv/openlane/bin/python", "git": {"commit": "c0376e9992df9a42fa13d06495cb927d2ab4d114", "dirty": true}, "host": "openclaw", "librelane_container_image": "ghcr.io/librelane/librelane@sha256:f91b21d75f79871f9ccf37451020b5d2f7b3236881a997ff709c561e8280a30f", "librelane_version": "3.0.14", "pdk": "sky130A", "pdk_revision": "8afc8346a57fe1ab7934ba5a6056ea8b43078e71", "pdk_root": "/home/ubuntu/.ciel", "python_version": "3.12.3", "run_directory": "/home/ubuntu/FlowGuard-recovery/results/recovery_5h_v5/runs/trial_fixed-17-middle", "source_tree_sha256": "fd25782683e380e93d2abe1f191f65374eff3fabfa4127e82105319ab7686994", "std_cell_library": "sky130_fd_sc_hd", "sys_executable": "/home/ubuntu/FlowGuard-recovery/.venv/openlane/bin/python"}, "runtime_s": 154.9915493869994, "started_at": "2026-09-11T15:37:09.889259Z", "status": "SUCCESS", "terminal_status": "SUCCESS", "trial_id": "fixed-17-middle"}
Traceback (most recent call last):
  File "<stdin>", line 3, in <module>
  File "/usr/lib/python3.12/json/__init__.py", line 339, in loads
    raise TypeError(f'the JSON object must be str, bytes or bytearray, '
TypeError: the JSON object must be str, bytes or bytearray, not PosixPath
To github.com:Samprab06/Flow-Guard.git
   c0376e9..89b7fc8  HEAD -> recovery-results-v5
2026-09-11T15:39:46Z [recovery_5h_v5] [fixed_clock] start fixed-17-aggressive clock=17ns profile=aggressive timeout=7200s
{"command": ["/home/ubuntu/FlowGuard-recovery/.venv/openlane/bin/python", "-m", "librelane", "--docker-no-tty", "--dockerized", "--pdk-root", "/home/ubuntu/.ciel", "--pdk", "sky130A", "--scl", "sky130_fd_sc_hd", "--run-tag", "trial_fixed-17-aggressive", "/home/ubuntu/FlowGuard-recovery/results/recovery_5h_v5/configs/fixed-17-aggressive/config.json"], "config": "/home/ubuntu/FlowGuard-recovery/results/recovery_5h_v5/configs/fixed-17-aggressive/config.json", "config_sha256": "4628f854b14cb7474deb12153d51eeac45676e58ea8cfc124b719745b8d6c5f7", "effective_config_sha256": "8d333dada96ef88248f5c2ace7626599203dbc1af17001944608976324000801", "exit_code": 0, "failure_metadata": null, "failure_stage": null, "finished_at": "2026-09-11T15:42:29.144469Z", "metadata": {"environment": {"executable": "/home/ubuntu/FlowGuard-recovery/.venv/openlane/bin/python", "librelane_container_image": "ghcr.io/librelane/librelane@sha256:f91b21d75f79871f9ccf37451020b5d2f7b3236881a997ff709c561e8280a30f", "librelane_version": "3.0.14", "machine": "aarch64", "pdk": "sky130A", "pdk_revision": "8afc8346a57fe1ab7934ba5a6056ea8b43078e71", "pdk_root": "/home/ubuntu/.ciel", "platform": "Linux-6.17.0-1020-oracle-aarch64-with-glibc2.39", "python_version": "3.12.3", "std_cell_library": "sky130_fd_sc_hd"}, "environment_sha256": "93e51540bdc6ca00204f9afa642f6ce447eab3a253dcc174a6800569c93b4ec8", "executable": "/home/ubuntu/FlowGuard-recovery/.venv/openlane/bin/python", "git": {"commit": "045dd9be6e346570e44a81753fabddd0f93be093", "dirty": true}, "host": "openclaw", "librelane_container_image": "ghcr.io/librelane/librelane@sha256:f91b21d75f79871f9ccf37451020b5d2f7b3236881a997ff709c561e8280a30f", "librelane_version": "3.0.14", "pdk": "sky130A", "pdk_revision": "8afc8346a57fe1ab7934ba5a6056ea8b43078e71", "pdk_root": "/home/ubuntu/.ciel", "python_version": "3.12.3", "run_directory": "/home/ubuntu/FlowGuard-recovery/results/recovery_5h_v5/runs/trial_fixed-17-aggressive", "source_tree_sha256": "425b39a638b40983b478b1b6db6876793708d02a96e1cc08d2a6beeeef9fda4c", "std_cell_library": "sky130_fd_sc_hd", "sys_executable": "/home/ubuntu/FlowGuard-recovery/.venv/openlane/bin/python"}, "runtime_s": 162.4927778329984, "started_at": "2026-09-11T15:39:46.647952Z", "status": "SUCCESS", "terminal_status": "SUCCESS", "trial_id": "fixed-17-aggressive"}
Traceback (most recent call last):
  File "<stdin>", line 3, in <module>
  File "/usr/lib/python3.12/json/__init__.py", line 339, in loads
    raise TypeError(f'the JSON object must be str, bytes or bytearray, '
TypeError: the JSON object must be str, bytes or bytearray, not PosixPath
To github.com:Samprab06/Flow-Guard.git
   89b7fc8..f6a76f5  HEAD -> recovery-results-v5
2026-09-11T15:42:31Z [recovery_5h_v5] [fixed_clock] start fixed-15-safe clock=15ns profile=safe timeout=7200s
{"command": ["/home/ubuntu/FlowGuard-recovery/.venv/openlane/bin/python", "-m", "librelane", "--docker-no-tty", "--dockerized", "--pdk-root", "/home/ubuntu/.ciel", "--pdk", "sky130A", "--scl", "sky130_fd_sc_hd", "--run-tag", "trial_fixed-15-safe", "/home/ubuntu/FlowGuard-recovery/results/recovery_5h_v5/configs/fixed-15-safe/config.json"], "config": "/home/ubuntu/FlowGuard-recovery/results/recovery_5h_v5/configs/fixed-15-safe/config.json", "config_sha256": "a186ea0d3df33b3f573ec098092eb338e4041735aaff75c32c934fc89fb2831f", "effective_config_sha256": "86edf3ae6bfdffe5fd324dd60dc8dd60e5bfdd84813b6802c1f2ec0a823eec26", "exit_code": 0, "failure_metadata": null, "failure_stage": null, "finished_at": "2026-09-11T15:45:15.107409Z", "metadata": {"environment": {"executable": "/home/ubuntu/FlowGuard-recovery/.venv/openlane/bin/python", "librelane_container_image": "ghcr.io/librelane/librelane@sha256:f91b21d75f79871f9ccf37451020b5d2f7b3236881a997ff709c561e8280a30f", "librelane_version": "3.0.14", "machine": "aarch64", "pdk": "sky130A", "pdk_revision": "8afc8346a57fe1ab7934ba5a6056ea8b43078e71", "pdk_root": "/home/ubuntu/.ciel", "platform": "Linux-6.17.0-1020-oracle-aarch64-with-glibc2.39", "python_version": "3.12.3", "std_cell_library": "sky130_fd_sc_hd"}, "environment_sha256": "93e51540bdc6ca00204f9afa642f6ce447eab3a253dcc174a6800569c93b4ec8", "executable": "/home/ubuntu/FlowGuard-recovery/.venv/openlane/bin/python", "git": {"commit": "7085f18b2bf1ae7d525887cafebab4ed3767a242", "dirty": true}, "host": "openclaw", "librelane_container_image": "ghcr.io/librelane/librelane@sha256:f91b21d75f79871f9ccf37451020b5d2f7b3236881a997ff709c561e8280a30f", "librelane_version": "3.0.14", "pdk": "sky130A", "pdk_revision": "8afc8346a57fe1ab7934ba5a6056ea8b43078e71", "pdk_root": "/home/ubuntu/.ciel", "python_version": "3.12.3", "run_directory": "/home/ubuntu/FlowGuard-recovery/results/recovery_5h_v5/runs/trial_fixed-15-safe", "source_tree_sha256": "09f134430b37c34e34e5abd92ac247d274af336201b2288b309e7b3705683aa9", "std_cell_library": "sky130_fd_sc_hd", "sys_executable": "/home/ubuntu/FlowGuard-recovery/.venv/openlane/bin/python"}, "runtime_s": 163.4599472009977, "started_at": "2026-09-11T15:42:31.643667Z", "status": "SUCCESS", "terminal_status": "SUCCESS", "trial_id": "fixed-15-safe"}
Traceback (most recent call last):
  File "<stdin>", line 3, in <module>
  File "/usr/lib/python3.12/json/__init__.py", line 339, in loads
    raise TypeError(f'the JSON object must be str, bytes or bytearray, '
TypeError: the JSON object must be str, bytes or bytearray, not PosixPath
To github.com:Samprab06/Flow-Guard.git
   f6a76f5..2b0820c  HEAD -> recovery-results-v5
2026-09-11T15:45:16Z [recovery_5h_v5] [fixed_clock] start fixed-15-middle clock=15ns profile=middle timeout=7200s
{"command": ["/home/ubuntu/FlowGuard-recovery/.venv/openlane/bin/python", "-m", "librelane", "--docker-no-tty", "--dockerized", "--pdk-root", "/home/ubuntu/.ciel", "--pdk", "sky130A", "--scl", "sky130_fd_sc_hd", "--run-tag", "trial_fixed-15-middle", "/home/ubuntu/FlowGuard-recovery/results/recovery_5h_v5/configs/fixed-15-middle/config.json"], "config": "/home/ubuntu/FlowGuard-recovery/results/recovery_5h_v5/configs/fixed-15-middle/config.json", "config_sha256": "2df3d7b5fc6398c87ae52dc1b1266c6b86e22bc98a8f61d353f1e7698081e3e3", "effective_config_sha256": "f2a04079254a7273cff29cf627f9d896b1733446ae6ddddb548c41cb44a8c6f4", "exit_code": 0, "failure_metadata": null, "failure_stage": null, "finished_at": "2026-09-11T15:47:53.260420Z", "metadata": {"environment": {"executable": "/home/ubuntu/FlowGuard-recovery/.venv/openlane/bin/python", "librelane_container_image": "ghcr.io/librelane/librelane@sha256:f91b21d75f79871f9ccf37451020b5d2f7b3236881a997ff709c561e8280a30f", "librelane_version": "3.0.14", "machine": "aarch64", "pdk": "sky130A", "pdk_revision": "8afc8346a57fe1ab7934ba5a6056ea8b43078e71", "pdk_root": "/home/ubuntu/.ciel", "platform": "Linux-6.17.0-1020-oracle-aarch64-with-glibc2.39", "python_version": "3.12.3", "std_cell_library": "sky130_fd_sc_hd"}, "environment_sha256": "93e51540bdc6ca00204f9afa642f6ce447eab3a253dcc174a6800569c93b4ec8", "executable": "/home/ubuntu/FlowGuard-recovery/.venv/openlane/bin/python", "git": {"commit": "a67a7a2bac027cf470c07c466a7a363f766712a5", "dirty": true}, "host": "openclaw", "librelane_container_image": "ghcr.io/librelane/librelane@sha256:f91b21d75f79871f9ccf37451020b5d2f7b3236881a997ff709c561e8280a30f", "librelane_version": "3.0.14", "pdk": "sky130A", "pdk_revision": "8afc8346a57fe1ab7934ba5a6056ea8b43078e71", "pdk_root": "/home/ubuntu/.ciel", "python_version": "3.12.3", "run_directory": "/home/ubuntu/FlowGuard-recovery/results/recovery_5h_v5/runs/trial_fixed-15-middle", "source_tree_sha256": "185cbb59d20e420ef9d4a2ed52d08f6015db1676d7ca06adf3f059b9a84a94d4", "std_cell_library": "sky130_fd_sc_hd", "sys_executable": "/home/ubuntu/FlowGuard-recovery/.venv/openlane/bin/python"}, "runtime_s": 156.43825851099973, "started_at": "2026-09-11T15:45:16.818063Z", "status": "SUCCESS", "terminal_status": "SUCCESS", "trial_id": "fixed-15-middle"}
Traceback (most recent call last):
  File "<stdin>", line 3, in <module>
  File "/usr/lib/python3.12/json/__init__.py", line 339, in loads
    raise TypeError(f'the JSON object must be str, bytes or bytearray, '
TypeError: the JSON object must be str, bytes or bytearray, not PosixPath
To github.com:Samprab06/Flow-Guard.git
   2b0820c..b2dfa1f  HEAD -> recovery-results-v5
2026-09-11T15:47:54Z [recovery_5h_v5] [fixed_clock] start fixed-15-aggressive clock=15ns profile=aggressive timeout=7200s
{"command": ["/home/ubuntu/FlowGuard-recovery/.venv/openlane/bin/python", "-m", "librelane", "--docker-no-tty", "--dockerized", "--pdk-root", "/home/ubuntu/.ciel", "--pdk", "sky130A", "--scl", "sky130_fd_sc_hd", "--run-tag", "trial_fixed-15-aggressive", "/home/ubuntu/FlowGuard-recovery/results/recovery_5h_v5/configs/fixed-15-aggressive/config.json"], "config": "/home/ubuntu/FlowGuard-recovery/results/recovery_5h_v5/configs/fixed-15-aggressive/config.json", "config_sha256": "04b3e8983ea149116e3f7fbd3b26b14958ab6532336ba5d0bd6b498834bf7229", "effective_config_sha256": "9d12451ca8eb46734186bf0c1bea24819dd2df93df1042d5d1aa5aab7defe231", "exit_code": 0, "failure_metadata": null, "failure_stage": null, "finished_at": "2026-09-11T15:50:24.968657Z", "metadata": {"environment": {"executable": "/home/ubuntu/FlowGuard-recovery/.venv/openlane/bin/python", "librelane_container_image": "ghcr.io/librelane/librelane@sha256:f91b21d75f79871f9ccf37451020b5d2f7b3236881a997ff709c561e8280a30f", "librelane_version": "3.0.14", "machine": "aarch64", "pdk": "sky130A", "pdk_revision": "8afc8346a57fe1ab7934ba5a6056ea8b43078e71", "pdk_root": "/home/ubuntu/.ciel", "platform": "Linux-6.17.0-1020-oracle-aarch64-with-glibc2.39", "python_version": "3.12.3", "std_cell_library": "sky130_fd_sc_hd"}, "environment_sha256": "93e51540bdc6ca00204f9afa642f6ce447eab3a253dcc174a6800569c93b4ec8", "executable": "/home/ubuntu/FlowGuard-recovery/.venv/openlane/bin/python", "git": {"commit": "f91952e2f91eff3764b2615fe7bb3018578a3c84", "dirty": true}, "host": "openclaw", "librelane_container_image": "ghcr.io/librelane/librelane@sha256:f91b21d75f79871f9ccf37451020b5d2f7b3236881a997ff709c561e8280a30f", "librelane_version": "3.0.14", "pdk": "sky130A", "pdk_revision": "8afc8346a57fe1ab7934ba5a6056ea8b43078e71", "pdk_root": "/home/ubuntu/.ciel", "python_version": "3.12.3", "run_directory": "/home/ubuntu/FlowGuard-recovery/results/recovery_5h_v5/runs/trial_fixed-15-aggressive", "source_tree_sha256": "7917a1af60291e769144473dfcf5c9e2cf9d3f77453ee09cadd5bf67c09305f0", "std_cell_library": "sky130_fd_sc_hd", "sys_executable": "/home/ubuntu/FlowGuard-recovery/.venv/openlane/bin/python"}, "runtime_s": 149.907500633999, "started_at": "2026-09-11T15:47:55.057289Z", "status": "SUCCESS", "terminal_status": "SUCCESS", "trial_id": "fixed-15-aggressive"}
Traceback (most recent call last):
  File "<stdin>", line 3, in <module>
  File "/usr/lib/python3.12/json/__init__.py", line 339, in loads
    raise TypeError(f'the JSON object must be str, bytes or bytearray, '
TypeError: the JSON object must be str, bytes or bytearray, not PosixPath
To github.com:Samprab06/Flow-Guard.git
   b2dfa1f..eddc08b  HEAD -> recovery-results-v5
2026-09-11T15:50:26Z [recovery_5h_v5] [fixed_clock] start fixed-13-safe clock=13ns profile=safe timeout=7200s
{"command": ["/home/ubuntu/FlowGuard-recovery/.venv/openlane/bin/python", "-m", "librelane", "--docker-no-tty", "--dockerized", "--pdk-root", "/home/ubuntu/.ciel", "--pdk", "sky130A", "--scl", "sky130_fd_sc_hd", "--run-tag", "trial_fixed-13-safe", "/home/ubuntu/FlowGuard-recovery/results/recovery_5h_v5/configs/fixed-13-safe/config.json"], "config": "/home/ubuntu/FlowGuard-recovery/results/recovery_5h_v5/configs/fixed-13-safe/config.json", "config_sha256": "58477ead7d5885d99d9e573995383d15089f9682ba8b0cfda101a375f06374b8", "effective_config_sha256": "d3c95a734aa6946509c7df4de98e262d4b896b3f8b974df3d6ba780f6de0aadf", "exit_code": 0, "failure_metadata": null, "failure_stage": null, "finished_at": "2026-09-11T15:53:22.322352Z", "metadata": {"environment": {"executable": "/home/ubuntu/FlowGuard-recovery/.venv/openlane/bin/python", "librelane_container_image": "ghcr.io/librelane/librelane@sha256:f91b21d75f79871f9ccf37451020b5d2f7b3236881a997ff709c561e8280a30f", "librelane_version": "3.0.14", "machine": "aarch64", "pdk": "sky130A", "pdk_revision": "8afc8346a57fe1ab7934ba5a6056ea8b43078e71", "pdk_root": "/home/ubuntu/.ciel", "platform": "Linux-6.17.0-1020-oracle-aarch64-with-glibc2.39", "python_version": "3.12.3", "std_cell_library": "sky130_fd_sc_hd"}, "environment_sha256": "93e51540bdc6ca00204f9afa642f6ce447eab3a253dcc174a6800569c93b4ec8", "executable": "/home/ubuntu/FlowGuard-recovery/.venv/openlane/bin/python", "git": {"commit": "eddc08b10be0c056ff64d41df56f0f51e6f63091", "dirty": true}, "host": "openclaw", "librelane_container_image": "ghcr.io/librelane/librelane@sha256:f91b21d75f79871f9ccf37451020b5d2f7b3236881a997ff709c561e8280a30f", "librelane_version": "3.0.14", "pdk": "sky130A", "pdk_revision": "8afc8346a57fe1ab7934ba5a6056ea8b43078e71", "pdk_root": "/home/ubuntu/.ciel", "python_version": "3.12.3", "run_directory": "/home/ubuntu/FlowGuard-recovery/results/recovery_5h_v5/runs/trial_fixed-13-safe", "source_tree_sha256": "6e94ab794242989dcdde4f8484ac35c39cefd86db266c04511ef57e0a3caeabe", "std_cell_library": "sky130_fd_sc_hd", "sys_executable": "/home/ubuntu/FlowGuard-recovery/.venv/openlane/bin/python"}, "runtime_s": 175.56383377999737, "started_at": "2026-09-11T15:50:26.754635Z", "status": "SUCCESS", "terminal_status": "SUCCESS", "trial_id": "fixed-13-safe"}
Traceback (most recent call last):
  File "<stdin>", line 3, in <module>
  File "/usr/lib/python3.12/json/__init__.py", line 339, in loads
    raise TypeError(f'the JSON object must be str, bytes or bytearray, '
TypeError: the JSON object must be str, bytes or bytearray, not PosixPath
To github.com:Samprab06/Flow-Guard.git
   eddc08b..d8e8d5f  HEAD -> recovery-results-v5
2026-09-11T15:53:24Z [recovery_5h_v5] [fixed_clock] start fixed-13-middle clock=13ns profile=middle timeout=7200s
{"command": ["/home/ubuntu/FlowGuard-recovery/.venv/openlane/bin/python", "-m", "librelane", "--docker-no-tty", "--dockerized", "--pdk-root", "/home/ubuntu/.ciel", "--pdk", "sky130A", "--scl", "sky130_fd_sc_hd", "--run-tag", "trial_fixed-13-middle", "/home/ubuntu/FlowGuard-recovery/results/recovery_5h_v5/configs/fixed-13-middle/config.json"], "config": "/home/ubuntu/FlowGuard-recovery/results/recovery_5h_v5/configs/fixed-13-middle/config.json", "config_sha256": "0f139f2a25ff7a9be952ffdffa545bf5b24fd9ae2ebcc07114785547541e8707", "effective_config_sha256": "3ce436e0117e4ba6569965e0127a17e20a54eb335f092f7dec5d0f3282a140e5", "exit_code": 0, "failure_metadata": null, "failure_stage": null, "finished_at": "2026-09-11T15:56:23.952269Z", "metadata": {"environment": {"executable": "/home/ubuntu/FlowGuard-recovery/.venv/openlane/bin/python", "librelane_container_image": "ghcr.io/librelane/librelane@sha256:f91b21d75f79871f9ccf37451020b5d2f7b3236881a997ff709c561e8280a30f", "librelane_version": "3.0.14", "machine": "aarch64", "pdk": "sky130A", "pdk_revision": "8afc8346a57fe1ab7934ba5a6056ea8b43078e71", "pdk_root": "/home/ubuntu/.ciel", "platform": "Linux-6.17.0-1020-oracle-aarch64-with-glibc2.39", "python_version": "3.12.3", "std_cell_library": "sky130_fd_sc_hd"}, "environment_sha256": "93e51540bdc6ca00204f9afa642f6ce447eab3a253dcc174a6800569c93b4ec8", "executable": "/home/ubuntu/FlowGuard-recovery/.venv/openlane/bin/python", "git": {"commit": "d8e8d5f1568b6ded542d67ccec53870cae60034f", "dirty": true}, "host": "openclaw", "librelane_container_image": "ghcr.io/librelane/librelane@sha256:f91b21d75f79871f9ccf37451020b5d2f7b3236881a997ff709c561e8280a30f", "librelane_version": "3.0.14", "pdk": "sky130A", "pdk_revision": "8afc8346a57fe1ab7934ba5a6056ea8b43078e71", "pdk_root": "/home/ubuntu/.ciel", "python_version": "3.12.3", "run_directory": "/home/ubuntu/FlowGuard-recovery/results/recovery_5h_v5/runs/trial_fixed-13-middle", "source_tree_sha256": "ddb5bcc0fa715e4ec987a106ddd687d75ef6e31add4a2cb3234dcdb93a056047", "std_cell_library": "sky130_fd_sc_hd", "sys_executable": "/home/ubuntu/FlowGuard-recovery/.venv/openlane/bin/python"}, "runtime_s": 179.811501340002, "started_at": "2026-09-11T15:53:24.136587Z", "status": "SUCCESS", "terminal_status": "SUCCESS", "trial_id": "fixed-13-middle"}
Traceback (most recent call last):
  File "<stdin>", line 3, in <module>
  File "/usr/lib/python3.12/json/__init__.py", line 339, in loads
    raise TypeError(f'the JSON object must be str, bytes or bytearray, '
TypeError: the JSON object must be str, bytes or bytearray, not PosixPath
To github.com:Samprab06/Flow-Guard.git
   d8e8d5f..6b96378  HEAD -> recovery-results-v5
2026-09-11T15:56:25Z [recovery_5h_v5] [fixed_clock] start fixed-13-aggressive clock=13ns profile=aggressive timeout=7200s
{"command": ["/home/ubuntu/FlowGuard-recovery/.venv/openlane/bin/python", "-m", "librelane", "--docker-no-tty", "--dockerized", "--pdk-root", "/home/ubuntu/.ciel", "--pdk", "sky130A", "--scl", "sky130_fd_sc_hd", "--run-tag", "trial_fixed-13-aggressive", "/home/ubuntu/FlowGuard-recovery/results/recovery_5h_v5/configs/fixed-13-aggressive/config.json"], "config": "/home/ubuntu/FlowGuard-recovery/results/recovery_5h_v5/configs/fixed-13-aggressive/config.json", "config_sha256": "bd744aadb6f50962a38de79af6e484ea3244e0ddbe44a944124998883175694b", "effective_config_sha256": "7d79c426cd2923d421ac3fd6d136a312b482ec8630698338d1b71b6d12cd1149", "exit_code": 0, "failure_metadata": null, "failure_stage": null, "finished_at": "2026-09-11T15:59:17.568088Z", "metadata": {"environment": {"executable": "/home/ubuntu/FlowGuard-recovery/.venv/openlane/bin/python", "librelane_container_image": "ghcr.io/librelane/librelane@sha256:f91b21d75f79871f9ccf37451020b5d2f7b3236881a997ff709c561e8280a30f", "librelane_version": "3.0.14", "machine": "aarch64", "pdk": "sky130A", "pdk_revision": "8afc8346a57fe1ab7934ba5a6056ea8b43078e71", "pdk_root": "/home/ubuntu/.ciel", "platform": "Linux-6.17.0-1020-oracle-aarch64-with-glibc2.39", "python_version": "3.12.3", "std_cell_library": "sky130_fd_sc_hd"}, "environment_sha256": "93e51540bdc6ca00204f9afa642f6ce447eab3a253dcc174a6800569c93b4ec8", "executable": "/home/ubuntu/FlowGuard-recovery/.venv/openlane/bin/python", "git": {"commit": "6b963784fbb6d3ef2e9c4026822189dafc0b185f", "dirty": true}, "host": "openclaw", "librelane_container_image": "ghcr.io/librelane/librelane@sha256:f91b21d75f79871f9ccf37451020b5d2f7b3236881a997ff709c561e8280a30f", "librelane_version": "3.0.14", "pdk": "sky130A", "pdk_revision": "8afc8346a57fe1ab7934ba5a6056ea8b43078e71", "pdk_root": "/home/ubuntu/.ciel", "python_version": "3.12.3", "run_directory": "/home/ubuntu/FlowGuard-recovery/results/recovery_5h_v5/runs/trial_fixed-13-aggressive", "source_tree_sha256": "c64a3a2077d60f47ad020a2430038e29f04bce67eb116352ea31ee3042c6eeb0", "std_cell_library": "sky130_fd_sc_hd", "sys_executable": "/home/ubuntu/FlowGuard-recovery/.venv/openlane/bin/python"}, "runtime_s": 171.8218349130002, "started_at": "2026-09-11T15:56:25.742343Z", "status": "SUCCESS", "terminal_status": "SUCCESS", "trial_id": "fixed-13-aggressive"}
Traceback (most recent call last):
  File "<stdin>", line 3, in <module>
  File "/usr/lib/python3.12/json/__init__.py", line 339, in loads
    raise TypeError(f'the JSON object must be str, bytes or bytearray, '
TypeError: the JSON object must be str, bytes or bytearray, not PosixPath
To github.com:Samprab06/Flow-Guard.git
   6b96378..b99939d  HEAD -> recovery-results-v5
2026-09-11T15:59:19Z [recovery_5h_v5] [fixed_clock] start fixed-11-safe clock=11ns profile=safe timeout=7200s
{"command": ["/home/ubuntu/FlowGuard-recovery/.venv/openlane/bin/python", "-m", "librelane", "--docker-no-tty", "--dockerized", "--pdk-root", "/home/ubuntu/.ciel", "--pdk", "sky130A", "--scl", "sky130_fd_sc_hd", "--run-tag", "trial_fixed-11-safe", "/home/ubuntu/FlowGuard-recovery/results/recovery_5h_v5/configs/fixed-11-safe/config.json"], "config": "/home/ubuntu/FlowGuard-recovery/results/recovery_5h_v5/configs/fixed-11-safe/config.json", "config_sha256": "06ad316b546cf561b4e51b057c3ab50c950413e9a6c35eb8b38f94e898d749e9", "effective_config_sha256": "3c79f3a780da05ef3c3f4c7b9f292a0dae69b74f3a2aba34d17ffe9a86cc0fd4", "exit_code": 0, "failure_metadata": null, "failure_stage": null, "finished_at": "2026-09-11T16:02:10.905464Z", "metadata": {"environment": {"executable": "/home/ubuntu/FlowGuard-recovery/.venv/openlane/bin/python", "librelane_container_image": "ghcr.io/librelane/librelane@sha256:f91b21d75f79871f9ccf37451020b5d2f7b3236881a997ff709c561e8280a30f", "librelane_version": "3.0.14", "machine": "aarch64", "pdk": "sky130A", "pdk_revision": "8afc8346a57fe1ab7934ba5a6056ea8b43078e71", "pdk_root": "/home/ubuntu/.ciel", "platform": "Linux-6.17.0-1020-oracle-aarch64-with-glibc2.39", "python_version": "3.12.3", "std_cell_library": "sky130_fd_sc_hd"}, "environment_sha256": "93e51540bdc6ca00204f9afa642f6ce447eab3a253dcc174a6800569c93b4ec8", "executable": "/home/ubuntu/FlowGuard-recovery/.venv/openlane/bin/python", "git": {"commit": "b99939d7fecf9d70f998b6a79b87854c4fd4eb0c", "dirty": true}, "host": "openclaw", "librelane_container_image": "ghcr.io/librelane/librelane@sha256:f91b21d75f79871f9ccf37451020b5d2f7b3236881a997ff709c561e8280a30f", "librelane_version": "3.0.14", "pdk": "sky130A", "pdk_revision": "8afc8346a57fe1ab7934ba5a6056ea8b43078e71", "pdk_root": "/home/ubuntu/.ciel", "python_version": "3.12.3", "run_directory": "/home/ubuntu/FlowGuard-recovery/results/recovery_5h_v5/runs/trial_fixed-11-safe", "source_tree_sha256": "69fa9937962f536317553f6111cc2317cdba65565a3352f5a39c60c295367cf0", "std_cell_library": "sky130_fd_sc_hd", "sys_executable": "/home/ubuntu/FlowGuard-recovery/.venv/openlane/bin/python"}, "runtime_s": 171.62204822000058, "started_at": "2026-09-11T15:59:19.279355Z", "status": "SUCCESS", "terminal_status": "SUCCESS", "trial_id": "fixed-11-safe"}
Traceback (most recent call last):
  File "<stdin>", line 3, in <module>
  File "/usr/lib/python3.12/json/__init__.py", line 339, in loads
    raise TypeError(f'the JSON object must be str, bytes or bytearray, '
TypeError: the JSON object must be str, bytes or bytearray, not PosixPath
To github.com:Samprab06/Flow-Guard.git
   b99939d..35d300d  HEAD -> recovery-results-v5
2026-09-11T16:02:12Z [recovery_5h_v5] [fixed_clock] start fixed-11-middle clock=11ns profile=middle timeout=7200s
{"command": ["/home/ubuntu/FlowGuard-recovery/.venv/openlane/bin/python", "-m", "librelane", "--docker-no-tty", "--dockerized", "--pdk-root", "/home/ubuntu/.ciel", "--pdk", "sky130A", "--scl", "sky130_fd_sc_hd", "--run-tag", "trial_fixed-11-middle", "/home/ubuntu/FlowGuard-recovery/results/recovery_5h_v5/configs/fixed-11-middle/config.json"], "config": "/home/ubuntu/FlowGuard-recovery/results/recovery_5h_v5/configs/fixed-11-middle/config.json", "config_sha256": "7f2940c7564a2cc314838f700288c1b76ffc362b8d30929b1545082cf2ec4a36", "effective_config_sha256": "617e480f3441c115818d60168d7e1f6ab164dd6bf97eba5f00f9dc7f665e5a74", "exit_code": 0, "failure_metadata": null, "failure_stage": null, "finished_at": "2026-09-11T16:05:09.037230Z", "metadata": {"environment": {"executable": "/home/ubuntu/FlowGuard-recovery/.venv/openlane/bin/python", "librelane_container_image": "ghcr.io/librelane/librelane@sha256:f91b21d75f79871f9ccf37451020b5d2f7b3236881a997ff709c561e8280a30f", "librelane_version": "3.0.14", "machine": "aarch64", "pdk": "sky130A", "pdk_revision": "8afc8346a57fe1ab7934ba5a6056ea8b43078e71", "pdk_root": "/home/ubuntu/.ciel", "platform": "Linux-6.17.0-1020-oracle-aarch64-with-glibc2.39", "python_version": "3.12.3", "std_cell_library": "sky130_fd_sc_hd"}, "environment_sha256": "93e51540bdc6ca00204f9afa642f6ce447eab3a253dcc174a6800569c93b4ec8", "executable": "/home/ubuntu/FlowGuard-recovery/.venv/openlane/bin/python", "git": {"commit": "35d300decd820ba66dbe99a3cd1da8d35df652a8", "dirty": true}, "host": "openclaw", "librelane_container_image": "ghcr.io/librelane/librelane@sha256:f91b21d75f79871f9ccf37451020b5d2f7b3236881a997ff709c561e8280a30f", "librelane_version": "3.0.14", "pdk": "sky130A", "pdk_revision": "8afc8346a57fe1ab7934ba5a6056ea8b43078e71", "pdk_root": "/home/ubuntu/.ciel", "python_version": "3.12.3", "run_directory": "/home/ubuntu/FlowGuard-recovery/results/recovery_5h_v5/runs/trial_fixed-11-middle", "source_tree_sha256": "7711cb97b277b757b5582625201e6bbf0be81bfd48cfd4e4f334af180e23beaf", "std_cell_library": "sky130_fd_sc_hd", "sys_executable": "/home/ubuntu/FlowGuard-recovery/.venv/openlane/bin/python"}, "runtime_s": 176.29871873799857, "started_at": "2026-09-11T16:02:12.734807Z", "status": "SUCCESS", "terminal_status": "SUCCESS", "trial_id": "fixed-11-middle"}
Traceback (most recent call last):
  File "<stdin>", line 3, in <module>
  File "/usr/lib/python3.12/json/__init__.py", line 339, in loads
    raise TypeError(f'the JSON object must be str, bytes or bytearray, '
TypeError: the JSON object must be str, bytes or bytearray, not PosixPath
To github.com:Samprab06/Flow-Guard.git
   35d300d..f96cdeb  HEAD -> recovery-results-v5
2026-09-11T16:05:10Z [recovery_5h_v5] [fixed_clock] start fixed-11-aggressive clock=11ns profile=aggressive timeout=7200s
{"command": ["/home/ubuntu/FlowGuard-recovery/.venv/openlane/bin/python", "-m", "librelane", "--docker-no-tty", "--dockerized", "--pdk-root", "/home/ubuntu/.ciel", "--pdk", "sky130A", "--scl", "sky130_fd_sc_hd", "--run-tag", "trial_fixed-11-aggressive", "/home/ubuntu/FlowGuard-recovery/results/recovery_5h_v5/configs/fixed-11-aggressive/config.json"], "config": "/home/ubuntu/FlowGuard-recovery/results/recovery_5h_v5/configs/fixed-11-aggressive/config.json", "config_sha256": "d7a776a34af25a4717d205c6bb4598d3b76435cd3177e4caaa560a772afa2365", "effective_config_sha256": "7814074577494d1ef0073ddc3402c228095a9e5b732975eca63533f529f407f0", "exit_code": 0, "failure_metadata": null, "failure_stage": null, "finished_at": "2026-09-11T16:08:02.101658Z", "metadata": {"environment": {"executable": "/home/ubuntu/FlowGuard-recovery/.venv/openlane/bin/python", "librelane_container_image": "ghcr.io/librelane/librelane@sha256:f91b21d75f79871f9ccf37451020b5d2f7b3236881a997ff709c561e8280a30f", "librelane_version": "3.0.14", "machine": "aarch64", "pdk": "sky130A", "pdk_revision": "8afc8346a57fe1ab7934ba5a6056ea8b43078e71", "pdk_root": "/home/ubuntu/.ciel", "platform": "Linux-6.17.0-1020-oracle-aarch64-with-glibc2.39", "python_version": "3.12.3", "std_cell_library": "sky130_fd_sc_hd"}, "environment_sha256": "93e51540bdc6ca00204f9afa642f6ce447eab3a253dcc174a6800569c93b4ec8", "executable": "/home/ubuntu/FlowGuard-recovery/.venv/openlane/bin/python", "git": {"commit": "f96cdeb3573c43c4f1449edf1aa1cda21ebd6afb", "dirty": true}, "host": "openclaw", "librelane_container_image": "ghcr.io/librelane/librelane@sha256:f91b21d75f79871f9ccf37451020b5d2f7b3236881a997ff709c561e8280a30f", "librelane_version": "3.0.14", "pdk": "sky130A", "pdk_revision": "8afc8346a57fe1ab7934ba5a6056ea8b43078e71", "pdk_root": "/home/ubuntu/.ciel", "python_version": "3.12.3", "run_directory": "/home/ubuntu/FlowGuard-recovery/results/recovery_5h_v5/runs/trial_fixed-11-aggressive", "source_tree_sha256": "62023decc6911ec2270a746d33c34e9d51d4994de099f0e45848b07a4e0a2090", "std_cell_library": "sky130_fd_sc_hd", "sys_executable": "/home/ubuntu/FlowGuard-recovery/.venv/openlane/bin/python"}, "runtime_s": 171.2522936509995, "started_at": "2026-09-11T16:05:10.845486Z", "status": "SUCCESS", "terminal_status": "SUCCESS", "trial_id": "fixed-11-aggressive"}
Traceback (most recent call last):
  File "<stdin>", line 3, in <module>
  File "/usr/lib/python3.12/json/__init__.py", line 339, in loads
    raise TypeError(f'the JSON object must be str, bytes or bytearray, '
TypeError: the JSON object must be str, bytes or bytearray, not PosixPath
To github.com:Samprab06/Flow-Guard.git
   f96cdeb..4453dca  HEAD -> recovery-results-v5
2026-09-11T16:08:03Z [recovery_5h_v5] fixed-clock characterization complete: selected_clock=none
2026-09-11T16:08:03Z [recovery_5h_v5] no boundary: safe pass plus aggressive failure was not observed
To github.com:Samprab06/Flow-Guard.git
   4453dca..cdf9a5f  HEAD -> recovery-results-v5
2026-09-11T16:08:05Z [recovery_5h_v5] campaign complete: summary=/home/ubuntu/FlowGuard-recovery/results/recovery_5h_v5/summary.json
