[2026-09-18T22:58:29.023174Z] RUN cb36_000 idx=0 knobs={'SYNTH_STRATEGY': 'AREA 0', 'PL_TARGET_DENSITY_PCT': 35, 'GPL_CELL_PADDING': 0, 'GRT_ADJUSTMENT': 0.2} timeout=3600.0s conc=1 ...
[2026-09-18T23:09:16.710395Z] DONE cb36_000 status=SUCCESS runtime=646.8s
[2026-09-18T23:09:16.715028Z] RUN cb36_002 idx=2 knobs={'SYNTH_STRATEGY': 'AREA 0', 'PL_TARGET_DENSITY_PCT': 35, 'GPL_CELL_PADDING': 2, 'GRT_ADJUSTMENT': 0.2} timeout=3600.0s conc=1 ...
[2026-09-18T23:19:24.636044Z] DONE cb36_002 status=SUCCESS runtime=607.8s
[2026-09-18T23:19:24.640534Z] RUN cb36_003 idx=3 knobs={'SYNTH_STRATEGY': 'AREA 0', 'PL_TARGET_DENSITY_PCT': 35, 'GPL_CELL_PADDING': 2, 'GRT_ADJUSTMENT': 0.3} timeout=3600.0s conc=1 ...
[2026-09-18T23:31:06.921193Z] DONE cb36_003 status=SUCCESS runtime=702.2s
[2026-09-18T23:31:06.925747Z] RUN cb36_006 idx=6 knobs={'SYNTH_STRATEGY': 'AREA 0', 'PL_TARGET_DENSITY_PCT': 45, 'GPL_CELL_PADDING': 2, 'GRT_ADJUSTMENT': 0.2} timeout=3600.0s conc=1 ...
[2026-09-18T23:41:11.219200Z] DONE cb36_006 status=SUCCESS runtime=604.2s
[2026-09-18T23:41:11.223613Z] RUN cb36_008 idx=8 knobs={'SYNTH_STRATEGY': 'AREA 0', 'PL_TARGET_DENSITY_PCT': 55, 'GPL_CELL_PADDING': 0, 'GRT_ADJUSTMENT': 0.2} timeout=3600.0s conc=1 ...
[2026-09-18T23:52:01.248729Z] DONE cb36_008 status=SUCCESS runtime=649.9s
[2026-09-18T23:52:01.253224Z] RUN cb36_010 idx=10 knobs={'SYNTH_STRATEGY': 'AREA 0', 'PL_TARGET_DENSITY_PCT': 55, 'GPL_CELL_PADDING': 2, 'GRT_ADJUSTMENT': 0.2} timeout=3600.0s conc=1 ...
[2026-09-19T00:02:13.249793Z] DONE cb36_010 status=SUCCESS runtime=611.9s
[2026-09-19T00:02:13.254294Z] RUN cb36_011 idx=11 knobs={'SYNTH_STRATEGY': 'AREA 0', 'PL_TARGET_DENSITY_PCT': 55, 'GPL_CELL_PADDING': 2, 'GRT_ADJUSTMENT': 0.3} timeout=3600.0s conc=1 ...
[2026-09-19T00:13:51.047811Z] DONE cb36_011 status=SUCCESS runtime=697.7s
[2026-09-19T00:13:51.052599Z] RUN cb36_012 idx=12 knobs={'SYNTH_STRATEGY': 'AREA 1', 'PL_TARGET_DENSITY_PCT': 35, 'GPL_CELL_PADDING': 0, 'GRT_ADJUSTMENT': 0.2} timeout=3600.0s conc=1 ...
[2026-09-19T00:26:26.811815Z] DONE cb36_012 status=SUCCESS runtime=755.6s
[2026-09-19T00:26:26.816446Z] RUN cb36_013 idx=13 knobs={'SYNTH_STRATEGY': 'AREA 1', 'PL_TARGET_DENSITY_PCT': 35, 'GPL_CELL_PADDING': 0, 'GRT_ADJUSTMENT': 0.3} timeout=3600.0s conc=1 ...
[2026-09-19T00:36:08.901312Z] DONE cb36_013 status=SUCCESS runtime=582.0s
[2026-09-19T00:36:08.906076Z] RUN cb36_014 idx=14 knobs={'SYNTH_STRATEGY': 'AREA 1', 'PL_TARGET_DENSITY_PCT': 35, 'GPL_CELL_PADDING': 2, 'GRT_ADJUSTMENT': 0.2} timeout=3600.0s conc=1 ...
[2026-09-19T00:58:27.168896Z] DONE cb36_014 status=SUCCESS runtime=1338.1s
[2026-09-19T00:58:27.173587Z] RUN cb36_015 idx=15 knobs={'SYNTH_STRATEGY': 'AREA 1', 'PL_TARGET_DENSITY_PCT': 35, 'GPL_CELL_PADDING': 2, 'GRT_ADJUSTMENT': 0.3} timeout=3600.0s conc=1 ...
[2026-09-19T01:07:19.943922Z] DONE cb36_015 status=SUCCESS runtime=532.6s
[2026-09-19T01:07:19.948422Z] RUN cb36_016 idx=16 knobs={'SYNTH_STRATEGY': 'AREA 1', 'PL_TARGET_DENSITY_PCT': 45, 'GPL_CELL_PADDING': 0, 'GRT_ADJUSTMENT': 0.2} timeout=3600.0s conc=1 ...
[2026-09-19T01:19:56.959373Z] DONE cb36_016 status=SUCCESS runtime=756.9s
[2026-09-19T01:19:56.963886Z] RUN cb36_018 idx=18 knobs={'SYNTH_STRATEGY': 'AREA 1', 'PL_TARGET_DENSITY_PCT': 45, 'GPL_CELL_PADDING': 2, 'GRT_ADJUSTMENT': 0.2} timeout=3600.0s conc=1 ...
[2026-09-19T01:42:14.382704Z] DONE cb36_018 status=SUCCESS runtime=1337.3s
[2026-09-19T01:42:14.387240Z] RUN cb36_019 idx=19 knobs={'SYNTH_STRATEGY': 'AREA 1', 'PL_TARGET_DENSITY_PCT': 45, 'GPL_CELL_PADDING': 2, 'GRT_ADJUSTMENT': 0.3} timeout=3600.0s conc=1 ...
[2026-09-19T01:51:09.562082Z] DONE cb36_019 status=SUCCESS runtime=535.1s
[2026-09-19T01:51:09.566924Z] RUN cb36_020 idx=20 knobs={'SYNTH_STRATEGY': 'AREA 1', 'PL_TARGET_DENSITY_PCT': 55, 'GPL_CELL_PADDING': 0, 'GRT_ADJUSTMENT': 0.2} timeout=3600.0s conc=1 ...
[2026-09-19T02:03:46.550927Z] DONE cb36_020 status=SUCCESS runtime=756.9s
[2026-09-19T02:03:46.555662Z] RUN cb36_021 idx=21 knobs={'SYNTH_STRATEGY': 'AREA 1', 'PL_TARGET_DENSITY_PCT': 55, 'GPL_CELL_PADDING': 0, 'GRT_ADJUSTMENT': 0.3} timeout=3600.0s conc=1 ...
[2026-09-19T02:13:26.374387Z] DONE cb36_021 status=SUCCESS runtime=579.7s
[2026-09-19T02:13:26.379145Z] RUN cb36_022 idx=22 knobs={'SYNTH_STRATEGY': 'AREA 1', 'PL_TARGET_DENSITY_PCT': 55, 'GPL_CELL_PADDING': 2, 'GRT_ADJUSTMENT': 0.2} timeout=3600.0s conc=1 ...
[2026-09-19T02:35:51.695213Z] DONE cb36_022 status=SUCCESS runtime=1345.2s
[2026-09-19T02:35:51.699773Z] RUN cb36_023 idx=23 knobs={'SYNTH_STRATEGY': 'AREA 1', 'PL_TARGET_DENSITY_PCT': 55, 'GPL_CELL_PADDING': 2, 'GRT_ADJUSTMENT': 0.3} timeout=3600.0s conc=1 ...
[2026-09-19T02:44:51.585156Z] DONE cb36_023 status=SUCCESS runtime=539.8s
[2026-09-19T02:44:51.589741Z] RUN cb36_024 idx=24 knobs={'SYNTH_STRATEGY': 'AREA 2', 'PL_TARGET_DENSITY_PCT': 35, 'GPL_CELL_PADDING': 0, 'GRT_ADJUSTMENT': 0.2} timeout=3600.0s conc=1 ...
[2026-09-19T02:57:31.365707Z] DONE cb36_024 status=SUCCESS runtime=759.7s
[2026-09-19T02:57:31.370103Z] RUN cb36_025 idx=25 knobs={'SYNTH_STRATEGY': 'AREA 2', 'PL_TARGET_DENSITY_PCT': 35, 'GPL_CELL_PADDING': 0, 'GRT_ADJUSTMENT': 0.3} timeout=3600.0s conc=1 ...
[2026-09-19T03:06:10.538461Z] DONE cb36_025 status=SUCCESS runtime=519.0s
[2026-09-19T03:06:10.542780Z] RUN cb36_026 idx=26 knobs={'SYNTH_STRATEGY': 'AREA 2', 'PL_TARGET_DENSITY_PCT': 35, 'GPL_CELL_PADDING': 2, 'GRT_ADJUSTMENT': 0.2} timeout=3600.0s conc=1 ...
[2026-09-19T03:15:55.621711Z] DONE cb36_026 status=SUCCESS runtime=585.0s
[2026-09-19T03:15:55.625949Z] RUN cb36_027 idx=27 knobs={'SYNTH_STRATEGY': 'AREA 2', 'PL_TARGET_DENSITY_PCT': 35, 'GPL_CELL_PADDING': 2, 'GRT_ADJUSTMENT': 0.3} timeout=3600.0s conc=1 ...
[2026-09-19T03:24:22.501816Z] DONE cb36_027 status=SUCCESS runtime=506.8s
[2026-09-19T03:24:22.506269Z] RUN cb36_028 idx=28 knobs={'SYNTH_STRATEGY': 'AREA 2', 'PL_TARGET_DENSITY_PCT': 45, 'GPL_CELL_PADDING': 0, 'GRT_ADJUSTMENT': 0.2} timeout=3600.0s conc=1 ...
[2026-09-19T03:37:01.923247Z] DONE cb36_028 status=SUCCESS runtime=759.3s
[2026-09-19T03:37:01.927854Z] RUN cb36_029 idx=29 knobs={'SYNTH_STRATEGY': 'AREA 2', 'PL_TARGET_DENSITY_PCT': 45, 'GPL_CELL_PADDING': 0, 'GRT_ADJUSTMENT': 0.3} timeout=3600.0s conc=1 ...
[2026-09-19T03:45:39.730382Z] DONE cb36_029 status=SUCCESS runtime=517.7s
[2026-09-19T03:45:39.734671Z] RUN cb36_030 idx=30 knobs={'SYNTH_STRATEGY': 'AREA 2', 'PL_TARGET_DENSITY_PCT': 45, 'GPL_CELL_PADDING': 2, 'GRT_ADJUSTMENT': 0.2} timeout=3600.0s conc=1 ...
[2026-09-19T03:55:20.954788Z] DONE cb36_030 status=SUCCESS runtime=581.1s
[2026-09-19T03:55:20.959232Z] RUN cb36_031 idx=31 knobs={'SYNTH_STRATEGY': 'AREA 2', 'PL_TARGET_DENSITY_PCT': 45, 'GPL_CELL_PADDING': 2, 'GRT_ADJUSTMENT': 0.3} timeout=3600.0s conc=1 ...
[2026-09-19T04:03:41.682760Z] DONE cb36_031 status=SUCCESS runtime=500.6s
[2026-09-19T04:03:41.687098Z] RUN cb36_032 idx=32 knobs={'SYNTH_STRATEGY': 'AREA 2', 'PL_TARGET_DENSITY_PCT': 55, 'GPL_CELL_PADDING': 0, 'GRT_ADJUSTMENT': 0.2} timeout=3600.0s conc=1 ...
[2026-09-19T04:16:17.777210Z] DONE cb36_032 status=SUCCESS runtime=756.0s
[2026-09-19T04:16:17.781653Z] RUN cb36_033 idx=33 knobs={'SYNTH_STRATEGY': 'AREA 2', 'PL_TARGET_DENSITY_PCT': 55, 'GPL_CELL_PADDING': 0, 'GRT_ADJUSTMENT': 0.3} timeout=3600.0s conc=1 ...
[2026-09-19T04:24:53.052479Z] DONE cb36_033 status=SUCCESS runtime=515.1s
[2026-09-19T04:24:53.056857Z] RUN cb36_034 idx=34 knobs={'SYNTH_STRATEGY': 'AREA 2', 'PL_TARGET_DENSITY_PCT': 55, 'GPL_CELL_PADDING': 2, 'GRT_ADJUSTMENT': 0.2} timeout=3600.0s conc=1 ...
[2026-09-19T04:34:31.188708Z] DONE cb36_034 status=SUCCESS runtime=578.0s
[2026-09-19T04:34:31.193011Z] RUN cb36_035 idx=35 knobs={'SYNTH_STRATEGY': 'AREA 2', 'PL_TARGET_DENSITY_PCT': 55, 'GPL_CELL_PADDING': 2, 'GRT_ADJUSTMENT': 0.3} timeout=3600.0s conc=1 ...
[2026-09-19T04:42:52.299529Z] DONE cb36_035 status=SUCCESS runtime=501.0s
{
  "ledger": "experiments/crossbar_v2/char36_results_ledger.json",
  "counts": {
    "pool_total": 36,
    "reused_verified": 6,
    "fresh_first_pass": 30,
    "ledger_entries": 36
  },
  "wall_s": 20663.3
}
